// Jest Snapshot v1, https://goo.gl/fbAQLP

exports[`pruebas en ToDoListItem Debe de mostrarse correctamente 1`] = `
<Fragment>
  <li
    className="list-group-item"
    key="1"
  >
    <p
      className="false"
      onClick={[Function]}
    >
      1
      .
      Aprender React
    </p>
    <button
      className="btn btn-danger"
      onClick={[Function]}
    >
      Borrar
    </button>
  </li>
  <li
    className="list-group-item"
    key="2"
  >
    <p
      className="false"
      onClick={[Function]}
    >
      2
      .
      Aprender Mongo
    </p>
    <button
      className="btn btn-danger"
      onClick={[Function]}
    >
      Borrar
    </button>
  </li>
</Fragment>
`;
