// Jest Snapshot v1, https://goo.gl/fbAQLP

exports[`Pruebas en TodoApp Debe de mostrarse correctamente 1`] = `
<div>
  <h1>
    TodoApp (
    0
    )
  </h1>
  <hr />
  <div
    className="row"
  >
    <div
      className="col-7"
    >
      <ToDoList
        handleDelete={[Function]}
        handleToggle={[Function]}
        toDos={Array []}
      />
    </div>
    <div
      className="col-5"
    >
      <TodoAdd
        handleAddToDo={[Function]}
      />
    </div>
  </div>
</div>
`;
