// Jest Snapshot v1, https://goo.gl/fbAQLP

exports[`Pruebas en HomeScreen Debe de mostrarse correctamente  1`] = `
<div>
  <h1>
    Home Screen
  </h1>
  <hr />
  <pre>
    {
   "name": "Paola",
   "email": "paola@gmail.com"
}
  </pre>
</div>
`;
